
> dealdrop-react@0.0.0 build
> vite build

[36mvite v8.0.3 [32mbuilding client environment for production...[36m[39m
[2K
transforming...Γ£ô 1800 modules transformed.
rendering chunks...
node.exe : [31mΓ£ù[39m 
Build failed in 533ms
At line:1 char:1
+ & "C:\Program 
Files\nodejs/node.exe" 
"C:\Program 
Files\nodejs/node_mo ...
+ ~~~~~~~~~~~~~~~~~~~~~~~~~
~~~~~~~~~~~~~~~~~~~~~~~~~~~
~~~~~~~~~~~~~~~~~
    + CategoryInfo         
     : NotSpecified: ([3  
  1mΓ£ù[39m Build faile   
 d in 533ms:String) [],    
 RemoteException
    + FullyQualifiedErrorI 
   d : NativeCommandError
 
[31merror during build:
[31mBuild failed with 1 
error:

[31m[MISSING_EXPORT] 
Error:[0m "Twitter" is 
not exported by "node_modul
es/lucide-react/dist/esm/lu
cide-react.js".
   [38;5;246mΓò¡[0m[38;5
;246mΓöÇ[0m[38;5;246m[[0
m src/components/DealModal.
jsx:3:121 [38;5;246m][0m
   [38;5;246mΓöé[0m
 [38;5;246m3 Γöé[0m [38;
5;249mi[0m[38;5;249mm[0m
[38;5;249mp[0m[38;5;249m
o[0m[38;5;249mr[0m[38;5
;249mt[0m[38;5;249m [0m
[38;5;249m{[0m[38;5;249m 
[0m[38;5;249mX[0m[38;5;
249m,[0m[38;5;249m [0m[
38;5;249mM[0m[38;5;249ma
[0m[38;5;249mp[0m[38;5;2
49mP[0m[38;5;249mi[0m[3
8;5;249mn[0m[38;5;249m,[
0m[38;5;249m [0m[38;5;24
9mN[0m[38;5;249ma[0m[38
;5;249mv[0m[38;5;249mi[0
m[38;5;249mg[0m[38;5;249
ma[0m[38;5;249mt[0m[38;
5;249mi[0m[38;5;249mo[0m
[38;5;249mn[0m[38;5;249m
,[0m[38;5;249m [0m[38;5
;249mC[0m[38;5;249ml[0m
[38;5;249mo[0m[38;5;249mc
[0m[38;5;249mk[0m[38;5;
249m,[0m[38;5;249m [0m[
38;5;249mS[0m[38;5;249mh
[0m[38;5;249ma[0m[38;5;2
49mr[0m[38;5;249me[0m[3
8;5;249m2[0m[38;5;249m,[
0m[38;5;249m [0m[38;5;24
9mH[0m[38;5;249me[0m[38
;5;249ma[0m[38;5;249mr[0
m[38;5;249mt[0m[38;5;249
m,[0m[38;5;249m [0m[38;
5;249mC[0m[38;5;249mh[0m
[38;5;249me[0m[38;5;249m
c[0m[38;5;249mk[0m[38;5
;249mC[0m[38;5;249mi[0m
[38;5;249mr[0m[38;5;249mc
[0m[38;5;249ml[0m[38;5;
249me[0m[38;5;249m,[0m[
38;5;249m [0m[38;5;249mT
[0m[38;5;249mr[0m[38;5;2
49me[0m[38;5;249mn[0m[3
8;5;249md[0m[38;5;249mi[
0m[38;5;249mn[0m[38;5;24
9mg[0m[38;5;249mD[0m[38
;5;249mo[0m[38;5;249mw[0
m[38;5;249mn[0m[38;5;249
m,[0m[38;5;249m [0m[38;
5;249mT[0m[38;5;249mr[0m
[38;5;249me[0m[38;5;249m
n[0m[38;5;249md[0m[38;5
;249mi[0m[38;5;249mn[0m
[38;5;249mg[0m[38;5;249mU
[0m[38;5;249mp[0m[38;5;
249m,[0m[38;5;249m [0m[
38;5;249mS[0m[38;5;249mt
[0m[38;5;249ma[0m[38;5;2
49mr[0m[38;5;249m,[0m[3
8;5;249m [0m[38;5;249mC[
0m[38;5;249mo[0m[38;5;24
9mp[0m[38;5;249my[0m[38
;5;249m,[0m[38;5;249m [0
m[38;5;249mM[0m[38;5;249
me[0m[38;5;249ms[0m[38;
5;249ms[0m[38;5;249ma[0m
[38;5;249mg[0m[38;5;249m
e[0m[38;5;249mC[0m[38;5
;249mi[0m[38;5;249mr[0m
[38;5;249mc[0m[38;5;249ml
[0m[38;5;249me[0m[38;5;
249m,[0m[38;5;249m 
[0mTwitter[38;5;249m [0m
[38;5;249m}[0m[38;5;249m
 [0m[38;5;249mf[0m[38;5
;249mr[0m[38;5;249mo[0m
[38;5;249mm[0m[38;5;249m 
[0m[38;5;249m"[0m[38;5;
249ml[0m[38;5;249mu[0m[
38;5;249mc[0m[38;5;249mi
[0m[38;5;249md[0m[38;5;2
49me[0m[38;5;249m-[0m[3
8;5;249mr[0m[38;5;249me[
0m[38;5;249ma[0m[38;5;24
9mc[0m[38;5;249mt[0m[38
;5;249m"[0m[38;5;249m;[0
m
 [38;5;240m  Γöé[0m      
                           
                           
                           
                           
       
ΓöÇΓöÇΓöÇΓö¼ΓöÇΓöÇΓöÇ  
 [38;5;240m  Γöé[0m      
                           
                           
                           
                           
          
Γò░ΓöÇΓöÇΓöÇΓöÇΓöÇ Missing 
export
[38;5;246mΓöÇΓöÇΓöÇΓò»[0m
[31m
    at aggregateBindingErro
rsIntoJsError (file:///C:/U
sers/bf772/Downloads/dealdr
op-main/dealdrop-main/deald
rop-react/node_modules/roll
down/dist/shared/error-BLhc
Syeg.mjs:48:18)
    at unwrapBindingResult 
(file:///C:/Users/bf772/Dow
nloads/dealdrop-main/dealdr
op-main/dealdrop-react/node
_modules/rolldown/dist/shar
ed/error-BLhcSyeg.mjs:18:12
8)
    at #build (file:///C:/U
sers/bf772/Downloads/dealdr
op-main/dealdrop-main/deald
rop-react/node_modules/roll
down/dist/shared/rolldown-b
uild-CPrIX9V6.mjs:3313:34)
    at async 
buildEnvironment (file:///C
:/Users/bf772/Downloads/dea
ldrop-main/dealdrop-main/de
aldrop-react/node_modules/v
ite/dist/node/chunks/node.j
s:32849:64)
    at async Object.build (
file:///C:/Users/bf772/Down
loads/dealdrop-main/dealdro
p-main/dealdrop-react/node_
modules/vite/dist/node/chun
ks/node.js:33271:19)
    at async 
Object.buildApp (file:///C:
/Users/bf772/Downloads/deal
drop-main/dealdrop-main/dea
ldrop-react/node_modules/vi
te/dist/node/chunks/node.js
:33268:153)
    at async 
CAC.<anonymous> (file:///C:
/Users/bf772/Downloads/deal
drop-main/dealdrop-main/dea
ldrop-react/node_modules/vi
te/dist/node/cli.js:778:3) 
{
  errors: [Getter/Setter]
}[39m
